javac : src\com\revsh
op\controller\Product
Controller.java:39: 
error: : expected
At line:1 char:1
+ javac -d bin 
-sourcepath src src/c
om/revshop/main/Main.
java > errors. ...
+ ~~~~~~~~~~~~~~~~~~~
~~~~~~~~~~~~~~~~~~~~~
~~~~~~~~~~~~~~~~~~~~~
~~~~~~~~
    + CategoryInfo   
           : NotSpe  
  cified: (src\com   
 \revshop...ror:     
: expected:Strin    
g) [], RemoteExc    
eption
    + FullyQualified 
   ErrorId : Native  
  CommandError
 
                case 
1 -> addProduct();
                     
 ^
src\com\revshop\contr
oller\ProductControll
er.java:39: error: 
illegal start of 
expression
                case 
1 -> addProduct();
                     
  ^
src\com\revshop\contr
oller\ProductControll
er.java:40: error: : 
expected
                case 
2 -> showProducts();
                     
 ^
src\com\revshop\contr
oller\ProductControll
er.java:40: error: 
illegal start of 
expression
                case 
2 -> showProducts();
                     
  ^
src\com\revshop\contr
oller\ProductControll
er.java:41: error: : 
expected
                case 
3 -> 
getProductById();
                     
 ^
src\com\revshop\contr
oller\ProductControll
er.java:41: error: 
illegal start of 
expression
                case 
3 -> 
getProductById();
                     
  ^
src\com\revshop\contr
oller\ProductControll
er.java:42: error: : 
expected
                case 
4 -> updateProduct();
                     
 ^
src\com\revshop\contr
oller\ProductControll
er.java:42: error: 
illegal start of 
expression
                case 
4 -> updateProduct();
                     
  ^
src\com\revshop\contr
oller\ProductControll
er.java:43: error: : 
expected
                case 
5 -> deleteProduct();
                     
 ^
src\com\revshop\contr
oller\ProductControll
er.java:43: error: 
illegal start of 
expression
                case 
5 -> deleteProduct();
                     
  ^
src\com\revshop\contr
oller\ProductControll
er.java:44: error: : 
expected
                case 
6 -> updateStock();
                     
 ^
src\com\revshop\contr
oller\ProductControll
er.java:44: error: 
illegal start of 
expression
                case 
6 -> updateStock();
                     
  ^
src\com\revshop\contr
oller\ProductControll
er.java:45: error: : 
expected
                case 
7 -> 
checkProductExists();
                     
 ^
src\com\revshop\contr
oller\ProductControll
er.java:45: error: 
illegal start of 
expression
                case 
7 -> 
checkProductExists();
                     
  ^
src\com\revshop\contr
oller\ProductControll
er.java:46: error: : 
expected
                case 
8 -> 
viewByCategory();
                     
 ^
src\com\revshop\contr
oller\ProductControll
er.java:46: error: 
illegal start of 
expression
                case 
8 -> 
viewByCategory();
                     
  ^
src\com\revshop\contr
oller\ProductControll
er.java:47: error: : 
expected
                case 
9 -> viewBySeller();
                     
 ^
src\com\revshop\contr
oller\ProductControll
er.java:47: error: 
illegal start of 
expression
                case 
9 -> viewBySeller();
                     
  ^
src\com\revshop\contr
oller\ProductControll
er.java:48: error: : 
expected
                case 
10 -> System.out.prin
tln("Exiting Product 
Module...");
                     
  ^
src\com\revshop\contr
oller\ProductControll
er.java:48: error: 
illegal start of 
expression
                case 
10 -> System.out.prin
tln("Exiting Product 
Module...");
                     
   ^
src\com\revshop\contr
oller\ProductControll
er.java:49: error: : 
expected
                
default -> System.out
.println("Invalid 
choice");
                     
  ^
src\com\revshop\contr
oller\ProductControll
er.java:49: error: 
illegal start of 
expression
                
default -> System.out
.println("Invalid 
choice");
                     
   ^
src\com\revshop\dao\P
roductDAO.java:18: 
error: unclosed 
string literal
        String sql = 
"""
                     
  ^
src\com\revshop\dao\P
roductDAO.java:19: 
error: ';' expected
            INSERT 
INTO products
                     
  ^
src\com\revshop\dao\P
roductDAO.java:22: 
error: ';' expected
             
created_at, 
updated_at)
                     
               ^
src\com\revshop\dao\P
roductDAO.java:23: 
error: illegal start 
of expression
            VALUES 
(?, ?, ?, ?, ?, ?, 
?, ?, ?, ?, ?, ?)
                    ^
src\com\revshop\dao\P
roductDAO.java:23: 
error: illegal start 
of expression
            VALUES 
(?, ?, ?, ?, ?, ?, 
?, ?, ?, ?, ?, ?)
                     
^
src\com\revshop\dao\P
roductDAO.java:23: 
error: illegal start 
of expression
            VALUES 
(?, ?, ?, ?, ?, ?, 
?, ?, ?, ?, ?, ?)
                     
  ^
src\com\revshop\dao\P
roductDAO.java:23: 
error: illegal start 
of expression
            VALUES 
(?, ?, ?, ?, ?, ?, 
?, ?, ?, ?, ?, ?)
                     
   ^
src\com\revshop\dao\P
roductDAO.java:23: 
error: illegal start 
of expression
            VALUES 
(?, ?, ?, ?, ?, ?, 
?, ?, ?, ?, ?, ?)
                     
     ^
src\com\revshop\dao\P
roductDAO.java:23: 
error: illegal start 
of expression
            VALUES 
(?, ?, ?, ?, ?, ?, 
?, ?, ?, ?, ?, ?)
                     
      ^
src\com\revshop\dao\P
roductDAO.java:23: 
error: illegal start 
of expression
            VALUES 
(?, ?, ?, ?, ?, ?, 
?, ?, ?, ?, ?, ?)
                     
        ^
src\com\revshop\dao\P
roductDAO.java:23: 
error: illegal start 
of expression
            VALUES 
(?, ?, ?, ?, ?, ?, 
?, ?, ?, ?, ?, ?)
                     
         ^
src\com\revshop\dao\P
roductDAO.java:23: 
error: illegal start 
of expression
            VALUES 
(?, ?, ?, ?, ?, ?, 
?, ?, ?, ?, ?, ?)
                     
           ^
src\com\revshop\dao\P
roductDAO.java:23: 
error: illegal start 
of expression
            VALUES 
(?, ?, ?, ?, ?, ?, 
?, ?, ?, ?, ?, ?)
                     
            ^
src\com\revshop\dao\P
roductDAO.java:23: 
error: illegal start 
of expression
            VALUES 
(?, ?, ?, ?, ?, ?, 
?, ?, ?, ?, ?, ?)
                     
              ^
src\com\revshop\dao\P
roductDAO.java:23: 
error: illegal start 
of expression
            VALUES 
(?, ?, ?, ?, ?, ?, 
?, ?, ?, ?, ?, ?)
                     
               ^
src\com\revshop\dao\P
roductDAO.java:23: 
error: illegal start 
of expression
            VALUES 
(?, ?, ?, ?, ?, ?, 
?, ?, ?, ?, ?, ?)
                     
                 ^
src\com\revshop\dao\P
roductDAO.java:23: 
error: illegal start 
of expression
            VALUES 
(?, ?, ?, ?, ?, ?, 
?, ?, ?, ?, ?, ?)
                     
                  ^
src\com\revshop\dao\P
roductDAO.java:23: 
error: illegal start 
of expression
            VALUES 
(?, ?, ?, ?, ?, ?, 
?, ?, ?, ?, ?, ?)
                     
                    ^
src\com\revshop\dao\P
roductDAO.java:23: 
error: illegal start 
of expression
            VALUES 
(?, ?, ?, ?, ?, ?, 
?, ?, ?, ?, ?, ?)
                     
                     
^
src\com\revshop\dao\P
roductDAO.java:23: 
error: illegal start 
of expression
            VALUES 
(?, ?, ?, ?, ?, ?, 
?, ?, ?, ?, ?, ?)
                     
                     
  ^
src\com\revshop\dao\P
roductDAO.java:23: 
error: illegal start 
of expression
            VALUES 
(?, ?, ?, ?, ?, ?, 
?, ?, ?, ?, ?, ?)
                     
                     
   ^
src\com\revshop\dao\P
roductDAO.java:23: 
error: illegal start 
of expression
            VALUES 
(?, ?, ?, ?, ?, ?, 
?, ?, ?, ?, ?, ?)
                     
                     
     ^
src\com\revshop\dao\P
roductDAO.java:23: 
error: illegal start 
of expression
            VALUES 
(?, ?, ?, ?, ?, ?, 
?, ?, ?, ?, ?, ?)
                     
                     
      ^
src\com\revshop\dao\P
roductDAO.java:23: 
error: illegal start 
of expression
            VALUES 
(?, ?, ?, ?, ?, ?, 
?, ?, ?, ?, ?, ?)
                     
                     
        ^
src\com\revshop\dao\P
roductDAO.java:23: 
error: illegal start 
of expression
            VALUES 
(?, ?, ?, ?, ?, ?, 
?, ?, ?, ?, ?, ?)
                     
                     
         ^
src\com\revshop\dao\P
roductDAO.java:23: 
error: illegal start 
of expression
            VALUES 
(?, ?, ?, ?, ?, ?, 
?, ?, ?, ?, ?, ?)
                     
                     
           ^
src\com\revshop\dao\P
roductDAO.java:23: 
error: illegal start 
of expression
            VALUES 
(?, ?, ?, ?, ?, ?, 
?, ?, ?, ?, ?, ?)
                     
                     
            ^
src\com\revshop\dao\P
roductDAO.java:23: 
error: ';' expected
            VALUES 
(?, ?, ?, ?, ?, ?, 
?, ?, ?, ?, ?, ?)
                     
                     
             ^
src\com\revshop\dao\P
roductDAO.java:24: 
error: unclosed 
string literal
        """;
          ^
src\com\revshop\dao\P
roductDAO.java:80: 
error: unclosed 
string literal
        String sql = 
"""
                     
  ^
src\com\revshop\dao\P
roductDAO.java:81: 
error: ';' expected
            UPDATE 
products
                     
      ^
src\com\revshop\dao\P
roductDAO.java:82: 
error: illegal start 
of expression
            SET name 
= ?, price = ?, 
updated_at = ?
                     
  ^
src\com\revshop\dao\P
roductDAO.java:82: 
error: illegal start 
of expression
            SET name 
= ?, price = ?, 
updated_at = ?
                     
   ^
src\com\revshop\dao\P
roductDAO.java:82: 
error: illegal start 
of expression
            SET name 
= ?, price = ?, 
updated_at = ?
                     
             ^
src\com\revshop\dao\P
roductDAO.java:82: 
error: illegal start 
of expression
            SET name 
= ?, price = ?, 
updated_at = ?
                     
              ^
src\com\revshop\dao\P
roductDAO.java:82: 
error: illegal start 
of expression
            SET name 
= ?, price = ?, 
updated_at = ?
                     
                     
        ^
src\com\revshop\dao\P
roductDAO.java:83: 
error: : expected
            WHERE 
product_id = ?
                 ^
src\com\revshop\dao\P
roductDAO.java:83: 
error: illegal start 
of expression
            WHERE 
product_id = ?
                     
          ^
src\com\revshop\dao\P
roductDAO.java:84: 
error: unclosed 
string literal
        """;
          ^
src\com\revshop\dao\P
roductDAO.java:124: 
error: unclosed 
string literal
        String sql = 
"""
                     
  ^
src\com\revshop\dao\P
roductDAO.java:125: 
error: ';' expected
            UPDATE 
products
                     
      ^
src\com\revshop\dao\P
roductDAO.java:126: 
error: illegal start 
of expression
            SET 
stock_quantity = ?, 
updated_at = ?
                     
            ^
src\com\revshop\dao\P
roductDAO.java:126: 
error: illegal start 
of expression
            SET 
stock_quantity = ?, 
updated_at = ?
                     
             ^
src\com\revshop\dao\P
roductDAO.java:126: 
error: illegal start 
of expression
            SET 
stock_quantity = ?, 
updated_at = ?
                     
                     
       ^
src\com\revshop\dao\P
roductDAO.java:127: 
error: : expected
            WHERE 
product_id = ?
                 ^
src\com\revshop\dao\P
roductDAO.java:127: 
error: illegal start 
of expression
            WHERE 
product_id = ?
                     
          ^
src\com\revshop\dao\P
roductDAO.java:128: 
error: unclosed 
string literal
        """;
          ^
src\com\revshop\dao\S
ellerDAOImpl.java:15:
 error: unclosed 
string literal
        String sql = 
"""
                     
  ^
src\com\revshop\dao\S
ellerDAOImpl.java:16:
 error: ';' expected
            INSERT 
INTO sellers
                     
  ^
src\com\revshop\dao\S
ellerDAOImpl.java:17:
 error: ';' expected
            
(seller_id, user_id, 
business_name, 
gst_number, address, 
created_at)
                     
                     
                     
                 ^
src\com\revshop\dao\S
ellerDAOImpl.java:18:
 error: illegal 
start of expression
            VALUES 
(seller_seq.NEXTVAL, 
?, ?, ?, ?, SYSDATE)
                     
                   ^
src\com\revshop\dao\S
ellerDAOImpl.java:18:
 error: illegal 
start of expression
            VALUES 
(seller_seq.NEXTVAL, 
?, ?, ?, ?, SYSDATE)
                     
                    ^
src\com\revshop\dao\S
ellerDAOImpl.java:18:
 error: illegal 
start of expression
            VALUES 
(seller_seq.NEXTVAL, 
?, ?, ?, ?, SYSDATE)
                     
                     
 ^
src\com\revshop\dao\S
ellerDAOImpl.java:18:
 error: illegal 
start of expression
            VALUES 
(seller_seq.NEXTVAL, 
?, ?, ?, ?, SYSDATE)
                     
                     
  ^
src\com\revshop\dao\S
ellerDAOImpl.java:18:
 error: illegal 
start of expression
            VALUES 
(seller_seq.NEXTVAL, 
?, ?, ?, ?, SYSDATE)
                     
                     
    ^
src\com\revshop\dao\S
ellerDAOImpl.java:18:
 error: illegal 
start of expression
            VALUES 
(seller_seq.NEXTVAL, 
?, ?, ?, ?, SYSDATE)
                     
                     
     ^
src\com\revshop\dao\S
ellerDAOImpl.java:18:
 error: illegal 
start of expression
            VALUES 
(seller_seq.NEXTVAL, 
?, ?, ?, ?, SYSDATE)
                     
                     
       ^
src\com\revshop\dao\S
ellerDAOImpl.java:18:
 error: illegal 
start of expression
            VALUES 
(seller_seq.NEXTVAL, 
?, ?, ?, ?, SYSDATE)
                     
                     
        ^
src\com\revshop\dao\S
ellerDAOImpl.java:18:
 error: ';' expected
            VALUES 
(seller_seq.NEXTVAL, 
?, ?, ?, ?, SYSDATE)
                     
                     
                  ^
src\com\revshop\dao\S
ellerDAOImpl.java:19:
 error: unclosed 
string literal
        """;
          ^
src\com\revshop\dao\P
roductDAO.java:19: 
error: cannot find 
symbol
            INSERT 
INTO products
            ^
  symbol:   class 
INSERT
  location: class 
ProductDAO
src\com\revshop\dao\P
roductDAO.java:20: 
error: cannot find 
symbol
            
(seller_id, 
category_id, name, 
description, price, 
mrp,
             ^
  symbol:   variable 
seller_id
  location: class 
ProductDAO
src\com\revshop\dao\P
roductDAO.java:20: 
error: cannot find 
symbol
            
(seller_id, 
category_id, name, 
description, price, 
mrp,
                     
   ^
  symbol:   variable 
category_id
  location: class 
ProductDAO
src\com\revshop\dao\P
roductDAO.java:20: 
error: cannot find 
symbol
            
(seller_id, 
category_id, name, 
description, price, 
mrp,
                     
                ^
  symbol:   variable 
name
  location: class 
ProductDAO
src\com\revshop\dao\P
roductDAO.java:20: 
error: cannot find 
symbol
            
(seller_id, 
category_id, name, 
description, price, 
mrp,
                     
                     
 ^
  symbol:   variable 
description
  location: class 
ProductDAO
src\com\revshop\dao\P
roductDAO.java:20: 
error: cannot find 
symbol
            
(seller_id, 
category_id, name, 
description, price, 
mrp,
                     
                     
              ^
  symbol:   variable 
price
  location: class 
ProductDAO
src\com\revshop\dao\P
roductDAO.java:20: 
error: cannot find 
symbol
            
(seller_id, 
category_id, name, 
description, price, 
mrp,
                     
                     
                     
^
  symbol:   variable 
mrp
  location: class 
ProductDAO
src\com\revshop\dao\P
roductDAO.java:21: 
error: cannot find 
symbol
             
discount_price, 
stock_quantity, 
stock_threshold, 
is_active,
             ^
  symbol:   variable 
discount_price
  location: class 
ProductDAO
src\com\revshop\dao\P
roductDAO.java:21: 
error: cannot find 
symbol
             
discount_price, 
stock_quantity, 
stock_threshold, 
is_active,
                     
        ^
  symbol:   variable 
stock_quantity
  location: class 
ProductDAO
src\com\revshop\dao\P
roductDAO.java:21: 
error: cannot find 
symbol
             
discount_price, 
stock_quantity, 
stock_threshold, 
is_active,
                     
                     
   ^
  symbol:   variable 
stock_threshold
  location: class 
ProductDAO
src\com\revshop\dao\P
roductDAO.java:21: 
error: cannot find 
symbol
             
discount_price, 
stock_quantity, 
stock_threshold, 
is_active,
                     
                     
                    ^
  symbol:   variable 
is_active
  location: class 
ProductDAO
src\com\revshop\dao\P
roductDAO.java:22: 
error: cannot find 
symbol
             
created_at, 
updated_at)
             ^
  symbol:   variable 
created_at
  location: class 
ProductDAO
src\com\revshop\dao\P
roductDAO.java:22: 
error: cannot find 
symbol
             
created_at, 
updated_at)
                     
    ^
  symbol:   variable 
updated_at
  location: class 
ProductDAO
src\com\revshop\dao\P
roductDAO.java:81: 
error: cannot find 
symbol
            UPDATE 
products
            ^
  symbol:   class 
UPDATE
  location: class 
ProductDAO
src\com\revshop\dao\P
roductDAO.java:82: 
error: cannot find 
symbol
            SET name 
= ?, price = ?, 
updated_at = ?
            ^
  symbol:   class SET
  location: class 
ProductDAO
src\com\revshop\dao\P
roductDAO.java:83: 
error: cannot find 
symbol
            WHERE 
product_id = ?
            ^
  symbol:   variable 
WHERE
  location: class 
ProductDAO
src\com\revshop\dao\P
roductDAO.java:83: 
error: cannot find 
symbol
            WHERE 
product_id = ?
                  ^
  symbol:   variable 
product_id
  location: class 
ProductDAO
src\com\revshop\dao\P
roductDAO.java:125: 
error: cannot find 
symbol
            UPDATE 
products
            ^
  symbol:   class 
UPDATE
  location: class 
ProductDAO
100 errors
